========================================================================================
DIMENSIONS 32-44 VIA EDEL-RAINS-SLOANE, WITH THE CURRENT CODE TABLES
========================================================================================

[1] The formula reproduces the published ERS totals (their own inputs):
  PASS  A(16,4) = 2048
  PASS  n=64, chain (64,16,4,1): 331737984 == 331737984
  PASS  n=80, chain (80,16,4,1): 1368532064 == 1368532064

[2] Key code sizes now in hand (LOWER bounds, with source):
      A(32, 8) >=    131072    codetables.de linear [32,17,8]
      A(33, 9) >=     24576    LRS 1999 shortened from n=35 (YC [sloa72a])
      A(34, 9) >=     49152    LRS 1999 shortened from n=35 (YC [sloa72a])
      A(35, 9) >=     98304    LRS 1999 listed YC [sloa72a]
      A(36, 9) >=     98304    LRS 1999 listed - -
      A(37,10) >=     98304    A(n,2e-1)=A(n+1,2e) from LRS 1999 listed - -
      A(38,10) >=    180224    A(n,2e-1)=A(n+1,2e) from LRS 1999 listed Y1 [zino84a]
      A(39,10) >=    327680    A(n,2e-1)=A(n+1,2e) from LRS 1999 listed Y1 [zino84a]
      A(40,10) >=    589824    A(n,2e-1)=A(n+1,2e) from LRS 1999 listed Y1 [zino84a]
      A(41,11) >=    262144    LRS 1999 shortened from n=47 (QR [karl69])
      A(42,11) >=    524288    LRS 1999 shortened from n=47 (QR [karl69])
      A(43,11) >=   1048576    LRS 1999 shortened from n=47 (QR [karl69])
      A(44,11) >=   2097152    LRS 1999 shortened from n=47 (QR [karl69])

      A(32,8,8) >=   1667    Brouwer Andw sub-table 'Lower bounds for A(n,8,8) and kissing numbers'
      A(33,8,8) >=   1788    Brouwer Andw sub-table 'Lower bounds for A(n,8,8) and kissing numbers'
      A(34,8,8) >=   1936    Brouwer Andw sub-table 'Lower bounds for A(n,8,8) and kissing numbers'
      A(35,8,8) >=   2157    Brouwer Andw sub-table 'Lower bounds for A(n,8,8) and kissing numbers'
      A(36,8,8) >=   2742    Brouwer Andw sub-table 'Lower bounds for A(n,8,8) and kissing numbers'
      A(37,8,8) >=   2832    Brouwer Andw sub-table 'Lower bounds for A(n,8,8) and kissing numbers'
      A(38,8,8) >=   3025    Brouwer Andw sub-table 'Lower bounds for A(n,8,8) and kissing numbers'
      A(39,8,8) >=   3324    Brouwer Andw sub-table 'Lower bounds for A(n,8,8) and kissing numbers'
      A(40,8,8) >=   3683    Brouwer Andw sub-table 'Lower bounds for A(n,8,8) and kissing numbers'
      A(41,8,8) >=   4510    Brouwer Andw sub-table 'Lower bounds for A(n,8,8) and kissing numbers'
      A(42,8,8) >=   5136    Brouwer Andw sub-table 'Lower bounds for A(n,8,8) and kissing numbers'
      A(43,8,8) >=   5418    Brouwer Andw sub-table 'Lower bounds for A(n,8,8) and kissing numbers'
      A(44,8,8) >=   6622    Brouwer Andw sub-table 'Lower bounds for A(n,8,8) and kissing numbers'

[3] The three level terms, per dimension (exact integers):
        n      max top     n_0* 128*A(n,8,8)   4*C(n,2)
       32       131072       32       213376       1984
       33       131072       32       228864       2112
       34       131072       32       247808       2244
       35       131072       32       276096       2380
       36       131072       32       350976       2520
       37       131072       32       362496       2664
       38       180224       38       387200       2812
       39       327680       39       425472       2964
       40       589824       40       471424       3120
       41       589824       40       577280       3280
       42       589824       40       657408       3444
       43      1048576       43       693504       3612
       44      2097152       44       847616       3784

[4] Exhaustive maximisation over ALL admissible chains, n = 32..44
    (423 chains are enumerated at n = 44)

        n  best chain           N(n)   Cohn table   vs Cohn   best known verdict     
      ----------------------------------------------------------------------------------------
       32  (32,8,2)           346432       345408     +1024       346432 no gain     
       33  (32,8,2)           362048       360640     +1408       362048 no gain     
       34  (32,8,2)           381124       380868      +256       381124 no gain     
       35  (32,8,2)           409548       409548        +0       409548 no gain     
       36  (32,8,2)           484568       484568        +0       484568 no gain     
       37  (32,8,2)           496232       494312     +1920       496232 no gain     
       38  (38,8,2)           570236       566652     +3584       591588 no gain     
       39  (39,8,2)           756116       755988      +128       756116 no gain     
       40  (40,8,2)          1064368      1064368        +0      1064368 no gain     
       41  (40,8,2)          1170384      1170384        +0      1170384 no gain     
       42  (40,8,2)          1250676      1250676        +0      1250676 no gain     
       43  (43,8,2)          1745692      2060399   -314707      2060399 no gain     
       44  (44,8,2)          2948552      2948552        +0      2948552 no gain     
      ----------------------------------------------------------------------------------------
      'vs Cohn' > 0 in dims 32,33,34,37 is Echols' already-published gain
      (arXiv:2608.13906), and in dims 38,39 this project's own earlier gain;
      none of it is new here.  'best known' is the max of Cohn's column and
      the values this project already holds.

[5] Re-derivation of each optimum, term by term (exact):
      n=32  1*131072 + 1667*128 + 496*4 = 131072 + 213376 + 1984 = 346432
  PASS  n=32 total re-derives
      n=33  1*131072 + 1788*128 + 528*4 = 131072 + 228864 + 2112 = 362048
  PASS  n=33 total re-derives
      n=34  1*131072 + 1936*128 + 561*4 = 131072 + 247808 + 2244 = 381124
  PASS  n=34 total re-derives
      n=35  1*131072 + 2157*128 + 595*4 = 131072 + 276096 + 2380 = 409548
  PASS  n=35 total re-derives
      n=36  1*131072 + 2742*128 + 630*4 = 131072 + 350976 + 2520 = 484568
  PASS  n=36 total re-derives
      n=37  1*131072 + 2832*128 + 666*4 = 131072 + 362496 + 2664 = 496232
  PASS  n=37 total re-derives
      n=38  1*180224 + 3025*128 + 703*4 = 180224 + 387200 + 2812 = 570236
  PASS  n=38 total re-derives
      n=39  1*327680 + 3324*128 + 741*4 = 327680 + 425472 + 2964 = 756116
  PASS  n=39 total re-derives
      n=40  1*589824 + 3683*128 + 780*4 = 589824 + 471424 + 3120 = 1064368
  PASS  n=40 total re-derives
      n=41  1*589824 + 4510*128 + 820*4 = 589824 + 577280 + 3280 = 1170384
  PASS  n=41 total re-derives
      n=42  1*589824 + 5136*128 + 861*4 = 589824 + 657408 + 3444 = 1250676
  PASS  n=42 total re-derives
      n=43  1*1048576 + 5418*128 + 903*4 = 1048576 + 693504 + 3612 = 1745692
  PASS  n=43 total re-derives
      n=44  1*2097152 + 6622*128 + 946*4 = 2097152 + 847616 + 3784 = 2948552
  PASS  n=44 total re-derives

[6] Could a middle level of weight 9, 10 or 11 beat weight 8?
    (weight w needs n_0 >= 4w, so w=9 needs n>=36, w=10 needs n>=40,
     w=11 needs n>=44; sign codes A(9,3)=40, A(10,3)=72, A(11,3)=144 against A(8,2)=128)
        n   w  best pub.         term 128*A(n,8,8)  Johnson*sgn conclusive?
       36   9        305        12200       350976       112000 yes, ruled out
       37   9        305        12200       362496       125800 yes, ruled out
       38   9        305        12200       387200       140480 yes, ruled out
       39   9        305        12200       425472       182680 yes, ruled out
       40   9        305        12200       471424       201760 yes, ruled out
       40  10        500        36000       471424      1315296 no published code is near
       41   9        305        12200       577280       223200 yes, ruled out
       41  10        500        36000       577280      1488960 no published code is near
       42   9        305        12200       657408       245840 yes, ruled out
       42  10        500        36000       657408      1687392 no published code is near
       43   9        305        12200       693504       269840 yes, ruled out
       43  10        500        36000       693504      1902744 no published code is near
       44   9        305        12200       847616       340440 yes, ruled out
       44  10        500        36000       847616      2137104 no published code is near
       44  11        186        26784       847616      2010816 no published code is near
    For w=10 and w=11 the Johnson bound alone is not conclusive, so here is
    the gap between what would be needed and what is published anywhere:
        n   w would need A(n,2ceil(w/2),w) >=   Johnson <=    largest published value
       40  10                           6548        18268        500 (published only at n=32; Brouwer tabulates no n>32)
       41  10                           8018        20680        500 (published only at n=32; Brouwer tabulates no n>32)
       42  10                           9131        23436        500 (published only at n=32; Brouwer tabulates no n>32)
       43  10                           9633        26427        500 (published only at n=32; Brouwer tabulates no n>32)
       44  10                          11773        29682        500 (published only at n=32; Brouwer tabulates no n>32)
       44  11                           5887        13964        186 (published only at n=31; Brouwer tabulates no n>32)

[6b] The winning chains satisfy every geometric condition exactly
     (rational arithmetic; <x,y> <= n_0/2 for all ordered level pairs):
  PASS  n=32 chain (32, 8, 2)   all level-pair inner products <= n_0/2 = 16
  PASS  n=33 chain (32, 8, 2)   all level-pair inner products <= n_0/2 = 16
  PASS  n=34 chain (32, 8, 2)   all level-pair inner products <= n_0/2 = 16
  PASS  n=35 chain (32, 8, 2)   all level-pair inner products <= n_0/2 = 16
  PASS  n=36 chain (32, 8, 2)   all level-pair inner products <= n_0/2 = 16
  PASS  n=37 chain (32, 8, 2)   all level-pair inner products <= n_0/2 = 16
  PASS  n=38 chain (38, 8, 2)   all level-pair inner products <= n_0/2 = 19
  PASS  n=39 chain (39, 8, 2)   all level-pair inner products <= n_0/2 = 39/2
  PASS  n=40 chain (40, 8, 2)   all level-pair inner products <= n_0/2 = 20
  PASS  n=41 chain (40, 8, 2)   all level-pair inner products <= n_0/2 = 20
  PASS  n=42 chain (40, 8, 2)   all level-pair inner products <= n_0/2 = 20
  PASS  n=43 chain (43, 8, 2)   all level-pair inner products <= n_0/2 = 43/2
  PASS  n=44 chain (44, 8, 2)   all level-pair inner products <= n_0/2 = 22

[7] Sensitivity: what would have to improve, and by how much,
    for each dimension to yield a new record.
        n            binding parameter        current         needed  shortfall
       32                    A(32,8,8)           1667           1668          1
       32            A(32,8)  [n_0=32]         131072         131073          1
       33                    A(33,8,8)           1788           1789          1
       33            A(32,8)  [n_0=32]         131072         131073          1
       34                    A(34,8,8)           1936           1937          1
       34            A(32,8)  [n_0=32]         131072         131073          1
       35                    A(35,8,8)           2157           2158          1
       35            A(32,8)  [n_0=32]         131072         131073          1
       36                    A(36,8,8)           2742           2743          1
       36            A(32,8)  [n_0=32]         131072         131073          1
       37                    A(37,8,8)           2832           2833          1
       37            A(32,8)  [n_0=32]         131072         131073          1
       38                    A(38,8,8)           3025           3192      21353   <-- ERS is not the holder here
       38           A(38,10)  [n_0=38]         180224         201577      21353
       39                    A(39,8,8)           3324           3325          1
       39           A(39,10)  [n_0=39]         327680         327681          1
       40                    A(40,8,8)           3683           3684          1
       40           A(40,10)  [n_0=40]         589824         589825          1
       41                    A(41,8,8)           4510           4511          1
       41           A(40,10)  [n_0=40]         589824         589825          1
       42                    A(42,8,8)           5136           5137          1
       42           A(40,10)  [n_0=40]         589824         589825          1
       43                    A(43,8,8)           5418           7877     314708   <-- ERS is not the holder here
       43           A(43,11)  [n_0=43]        1048576        1363284     314708
       44                    A(44,8,8)           6622           6623          1
       44           A(44,11)  [n_0=44]        2097152        2097153          1

[8] Consistency with the published record column:
  PASS  n=32: ERS with current tables gives exactly the best known 346432
  PASS  n=33: ERS with current tables gives exactly the best known 362048
  PASS  n=34: ERS with current tables gives exactly the best known 381124
  PASS  n=35: ERS with current tables gives exactly the best known 409548
  PASS  n=36: ERS with current tables gives exactly the best known 484568
  PASS  n=37: ERS with current tables gives exactly the best known 496232
  PASS  n=38: ERS gives 570236, below the best known 591588 (held by a different construction)
  PASS  n=39: ERS with current tables gives exactly the best known 756116
  PASS  n=40: ERS with current tables gives exactly the best known 1064368
  PASS  n=41: ERS with current tables gives exactly the best known 1170384
  PASS  n=42: ERS with current tables gives exactly the best known 1250676
  PASS  n=43: ERS gives 1745692, below the best known 2060399 (held by a different construction)
  PASS  n=44: ERS with current tables gives exactly the best known 2948552

[9] The one place ERS leaves slack, and why it does not pay.
    ERS forces two level-0 supports to overlap in <= n_0/2, which is what
    makes the sign patterns of different supports unconstrained and gives the
    clean product A(n,n_0,n_0)*A(n_0,ceil(n_0/4)).  For n <= 44 and n_0 >= 30
    two n_0-subsets of [n] meet in >= 2n_0-n > n_0/2, so A(n,n_0,n_0) = 1 and
    level 0 is a SINGLE support.  One could instead take several supports with
    larger overlap and constrain the signs across them.  Worked out in the
    only case where it could matter, n = 44 with n_0 = 40:
      * two supports [44]\E_1, [44]\E_2 with E_1,E_2 disjoint 4-sets share
        36 coordinates, and <x,y> = 36 - 2*(disagreements there), so the only
        cross requirement is 'differ in >= 8 of 36' -- far weaker than the
        'differ in >= 10 of 40' required inside a single support;
      * but a 589824-word code projected to 36 coordinates saturates the cube:
        a Hamming ball of radius 7 in {0,1}^36 holds 10739176 points, and
        589824 * 10739176 / 2^36 = 92, i.e. an average point of {0,1}^36 already
        has about 92 first-support words within distance 7.  Essentially no
        room is left for a second support of comparable size;
      * and it would take 2097152/589824 = 3.56 supports' worth merely to match
        the single-support n_0 = 44 term that is already in use.
    At n = 44 the winning chain has n_0 = n, so there is exactly one support
    and no freedom of this kind at all.

========================================================================================
ALL CHECKS PASSED.
CONCLUSION: with every currently published lower bound on A(n,d,w) and
A(m,d), the Edel-Rains-Sloane construction maximised over ALL admissible
chains reproduces the best known kissing number in every dimension 32-44
and improves none of them.
========================================================================================
