== dimension 30: k = 6, 24 classes, 68 axis points, 72 cap directions of 72 ==

[1] the direction weight
  ok    the direction groups are pairwise disjoint (72 directions)
  ok    no group has more than three directions -- and cannot, since they are pairwise at cosine <= -1/2
  ok    inside a group the directions are at cosine <= -1/2
  ok    across groups they are at cosine <= 1/2, so the union of the groups is a 60-degree code in R^6
  ok    weight w = 2t + q = 48  (t = 24 triples, q = 0 pairs)
  ok    the groups use 72 directions, within tau(6) = 72
  ok    w = 48 IS the ceiling floor(2 tau(6)/3) = 48 for the best KNOWN tau(6) = 72
   CONDITIONAL: tau(6) is only known to lie in [72, 77], so the UNCONDITIONAL ceiling is floor(2 x 77/3) = 51, which is 3 above the 48 realised -- worth 1488 points at 248 lines a class.  It needs a better 6-dimensional kissing number.

[2] the axis, exhaustively
  ok    every constraint has a positive right-hand side, so the origin is interior and the polytope is the right object
   202 vertices;  max |a| over the admissible polytope = 0.816496581
  ok    no unit vector fits: the axis is MAXIMAL (margin 18.4 per cent)
  ok    and still maximal with the right-hand sides moved by +-1e-6 and +1e-4 (0.816496, 0.816497, 0.816578), so this is not a floating-point decision
  ok    an independent 200000-direction scan of the same maximum, needing no enumeration, reaches 0.779781793 and never exceeds it
  ok    CONTROL: removing any one axis point makes a unit vector fit again, so the test can fail (recovered 1..1)
  ok    and the recovered vector is ALWAYS the point removed -- 0 others over all 68 removals, so no one-for-one swap opens the axis either

[3] what is NOT at a ceiling
   the CLASS.  The template class has 248 lines (all 24 of them at 248); one more line in the template is worth +96 in dimension 30.  248 is maximal over all 48576 type-B lines and rigid, but the Delsarte LP on the Leech line scheme allows 425.45 lines, and on the 84 octads transverse to one trio -- where every KNOWN class lives, though no proof says every class must -- the Hoffman ratio bound allows 373.33.  So this is open.
   the PACKING is closed: 24 x 248 = 5952 owner lines, every class full and disjoint.
   tau(6) itself, which is not proved (see [1]).

*** ALL CHECKS PASS ***
