  heads 2259 = 2095 class + 164 free; owners distinct
  side-pair thresholds (Cohn units): [[48, 96, 96, 96], [96, 48, 96, 96], [96, 96, 48, 96], [96, 96, 96, 48]]
  all 2550411 head pairs admissible; 258814 at the bound
  head-axis maximum inner product sqrt(3)*(sqrt(2) + 2)/3 = 1.971197 (bound 2)
  12 axis points of norm 4, pairwise inner product <= 2
  count = 196560 - 2095 + 3 * 2259 + 12 = 201254
  second layer: 299 heads at |x|^2 = 3 on 3 axis lines
  second-layer owners are Leech minimal vectors              PASS 
  second-layer owners are distinct                           PASS 
  the two layers delete disjoint sets (2095 and 299)         PASS 
  a second-layer head deletes exactly its owner              PASS 
  <Y,u> <= 32 for every first-layer head and second-layer owner PASS max 32
  <u,u'> <= 8 on one line                                    PASS max 8
  <u,u'> <= 16 across lines                                  PASS max 16
  (sqrt3/48)*32 + 2/sqrt6 < 2                                PASS = (2+sqrt2)/sqrt3 = 1.971197
  it is exactly (2+sqrt2)/sqrt3                              PASS 
  (3/32)*8 + 1 < 2                                           PASS 
  (3/32)*16 < 2 and (3/32)*16 - 1 < 2                        PASS 
  (sqrt3/2)*2 < 2                                            PASS 
  a second-layer cap has norm 4                              PASS 
  its two cap points meet at 3 - 1 <= 2                      PASS 
  the square-face centres are 45 degrees from the nearest direction PASS 
  every axis point meets every second-layer direction at <= 2 PASS 
  count = 196560 - 2095 - 299 + 3 * 2259 + 2 * 299 + 12 = 201553
  the first layer alone, both ways                           PASS 201254 vs 201254
  the second layer adds exactly one point per head           PASS 201553 vs 201553
ALL CHECKS PASS   K(27) >= 201553
